// Jest Snapshot v1, https://goo.gl/fbAQLP

exports[`chunk given 1, returns an array of arrays 1`] = `
[
  [
    "one",
    "two",
    "three",
    "four",
    "five",
    "six",
    "seven",
    "eight",
  ],
]
`;

exports[`chunk given 2, returns an array of arrays 1`] = `
[
  [
    "one",
    "two",
    "three",
    "four",
  ],
  [
    "five",
    "six",
    "seven",
    "eight",
  ],
]
`;

exports[`chunk given 3, returns an array of arrays 1`] = `
[
  [
    "one",
    "two",
    "three",
  ],
  [
    "four",
    "five",
    "six",
  ],
  [
    "seven",
    "eight",
  ],
]
`;

exports[`chunk given 4, returns an array of arrays 1`] = `
[
  [
    "one",
    "two",
  ],
  [
    "three",
    "four",
  ],
  [
    "five",
    "six",
  ],
  [
    "seven",
    "eight",
  ],
]
`;

exports[`chunk given 5, returns an array of arrays 1`] = `
[
  [
    "one",
    "two",
  ],
  [
    "three",
    "four",
  ],
  [
    "five",
    "six",
  ],
  [
    "seven",
    "eight",
  ],
]
`;
