// Jest Snapshot v1, https://goo.gl/fbAQLP

exports[`EcsService mapObjectToEcsEnvironmentArray given "{"age":337}", lives up to its name 1`] = `
[
  {
    "name": "age",
    "value": "337",
  },
]
`;

exports[`EcsService mapObjectToEcsEnvironmentArray given "{"enabled":true,"port":3000}", lives up to its name 1`] = `
[
  {
    "name": "enabled",
    "value": "true",
  },
  {
    "name": "port",
    "value": "3000",
  },
]
`;

exports[`EcsService mapObjectToEcsEnvironmentArray given "{"hot":"sauce"}", lives up to its name 1`] = `
[
  {
    "name": "hot",
    "value": "sauce",
  },
]
`;

exports[`EcsService mapObjectToEcsEnvironmentArray given "null", lives up to its name 1`] = `[]`;
